COLUMN_1,COLUMN_2,COLUMN_3,COLUMN_4,MODEL_HKEY,OTHER_HKEY,MODEL_HDIFF
aaa,111,COL_4_CONSTANT,2024-08-16 05:44:44.073 Z,47BCE5C74F589F4867DBD57E9CA9F808,51FF3F9344A0B4EDD621C2E13FB7E18C,E3BAC084F6EAE1619BBACC71C27113C7
bbb,222,COL_4_CONSTANT,2024-08-16 05:44:44.073 Z,08F8E0260C64418510CEFB2B06EEE5CD,95643720FC48027B104B378431A2CE81,CD92900D2F616FBB0B2ACD4E1F671527
ccc,333,COL_4_CONSTANT,2024-08-16 05:44:44.073 Z,9DF62E693988EB4E1E1444ECE0578579,D37149916DE437A5BA08CCF9F7B16E14,63AAC9715FC31F80BD79110A9BAAE461
-1,NOT Provided (optional),System.DefaultRecord,2024-08-16 12:44:42.689 Z,6BB61E3B7BCE0931DA574D19D1D82C88,0FD5AAA3AB6D2CE25FCB0AD2659BF15B,63CE6C48E82558458ABACBDEB3690C6D
-2,Missing (required data),System.DefaultRecord,2024-08-16 12:44:42.689 Z,5D7B9ADCBE1C629EC722529DD12E5129,69642E1BCB133BF167265D41AB0CAEA1,1C5FC7C4C9DB377DFC6DE31F37F83842
